// Jest Snapshot v1, https://goo.gl/fbAQLP

exports[`Spinner snapshots 1`] = `
<div>
  <div
    class="border-2 border-solid border-gray-300 rounded-full animate-spin_faster border-r-blue-600 w-8 h-8"
    title="primary-spinner"
  />
</div>
`;
